To honour the JVM settings for this build a single-use Daemon process will be forked. For more on this, please refer to https://docs.gradle.org/9.5.1/userguide/gradle_daemon.html#sec:disabling_the_daemon in the Gradle documentation.
Daemon will be stopped at the end of the build 

> Configure project :bingo
Fabric Loom: 1.17.21

> Configure project :drops
Fabric Loom: 1.17.21

> Configure project :enchants
Fabric Loom: 1.17.21

> Configure project :events
Fabric Loom: 1.17.21

> Configure project :mobs
Fabric Loom: 1.17.21

> Task :mobs:compileJava UP-TO-DATE
> Task :mobs:processResources UP-TO-DATE
> Task :mobs:classes UP-TO-DATE
> Task :mobs:compileClientJava
> Task :mobs:processClientResources NO-SOURCE
> Task :mobs:clientClasses
> Task :mobs:processIncludeJars UP-TO-DATE
> Task :mobs:compileTestJava NO-SOURCE
> Task :mobs:processTestResources NO-SOURCE
> Task :mobs:testClasses UP-TO-DATE
> Task :mobs:test NO-SOURCE
> Task :mobs:jar
> Task :mobs:assemble
> Task :mobs:validateAccessWidener NO-SOURCE
> Task :mobs:check UP-TO-DATE
> Task :mobs:build

BUILD SUCCESSFUL in 13s
5 actionable tasks: 2 executed, 3 up-to-date
