To honour the JVM settings for this build a single-use Daemon process will be forked. For more on this, please refer to https://docs.gradle.org/9.5.1/userguide/gradle_daemon.html#sec:disabling_the_daemon in the Gradle documentation.
Daemon will be stopped at the end of the build 

> Configure project :bingo
Fabric Loom: 1.17.21

> Configure project :drops
Fabric Loom: 1.17.21

> Configure project :enchants
Fabric Loom: 1.17.21

> Configure project :events
Fabric Loom: 1.17.21

> Configure project :mobs
Fabric Loom: 1.17.21

> Task :drops:compileJava UP-TO-DATE
> Task :mobs:compileJava UP-TO-DATE
> Task :events:compileJava UP-TO-DATE
> Task :enchants:compileJava UP-TO-DATE
> Task :drops:processResources UP-TO-DATE
> Task :events:processResources UP-TO-DATE
> Task :events:classes UP-TO-DATE
> Task :drops:classes UP-TO-DATE
> Task :mobs:processResources UP-TO-DATE
> Task :mobs:classes UP-TO-DATE
> Task :events:processIncludeJars UP-TO-DATE
> Task :drops:processIncludeJars UP-TO-DATE
> Task :enchants:processResources UP-TO-DATE
> Task :enchants:classes UP-TO-DATE
> Task :enchants:processIncludeJars UP-TO-DATE
> Task :bingo:compileJava UP-TO-DATE
> Task :drops:jar UP-TO-DATE
> Task :events:jar UP-TO-DATE
> Task :events:assemble UP-TO-DATE
> Task :drops:assemble UP-TO-DATE
> Task :bingo:processResources UP-TO-DATE
> Task :enchants:jar UP-TO-DATE
> Task :enchants:assemble UP-TO-DATE
> Task :bingo:classes UP-TO-DATE
> Task :bingo:processIncludeJars UP-TO-DATE
> Task :events:compileTestJava NO-SOURCE
> Task :drops:compileTestJava NO-SOURCE
> Task :enchants:compileTestJava NO-SOURCE
> Task :enchants:processTestResources NO-SOURCE
> Task :drops:processTestResources NO-SOURCE
> Task :events:processTestResources NO-SOURCE
> Task :enchants:testClasses UP-TO-DATE
> Task :drops:testClasses UP-TO-DATE
> Task :events:testClasses UP-TO-DATE
> Task :bingo:jar UP-TO-DATE
> Task :bingo:assemble UP-TO-DATE
> Task :events:test NO-SOURCE
> Task :enchants:test NO-SOURCE
> Task :drops:test NO-SOURCE
> Task :events:validateAccessWidener NO-SOURCE
> Task :enchants:validateAccessWidener NO-SOURCE
> Task :drops:validateAccessWidener NO-SOURCE
> Task :events:check UP-TO-DATE
> Task :bingo:compileTestJava NO-SOURCE
> Task :drops:check UP-TO-DATE
> Task :enchants:check UP-TO-DATE
> Task :events:build UP-TO-DATE
> Task :enchants:build UP-TO-DATE
> Task :bingo:processTestResources NO-SOURCE
> Task :drops:build UP-TO-DATE
> Task :bingo:testClasses UP-TO-DATE
> Task :bingo:test NO-SOURCE
> Task :bingo:validateAccessWidener NO-SOURCE
> Task :bingo:check UP-TO-DATE
> Task :bingo:build UP-TO-DATE
> Task :mobs:compileClientJava UP-TO-DATE
> Task :mobs:processClientResources UP-TO-DATE
> Task :mobs:clientClasses UP-TO-DATE
> Task :mobs:processIncludeJars UP-TO-DATE
> Task :mobs:jar UP-TO-DATE
> Task :mobs:assemble UP-TO-DATE
> Task :mobs:compileTestJava NO-SOURCE
> Task :mobs:processTestResources NO-SOURCE
> Task :mobs:testClasses UP-TO-DATE
> Task :mobs:test NO-SOURCE
> Task :mobs:validateAccessWidener NO-SOURCE
> Task :mobs:check UP-TO-DATE
> Task :mobs:build UP-TO-DATE

BUILD SUCCESSFUL in 9s
22 actionable tasks: 22 up-to-date
