To honour the JVM settings for this build a single-use Daemon process will be forked. For more on this, please refer to https://docs.gradle.org/9.5.1/userguide/gradle_daemon.html#sec:disabling_the_daemon in the Gradle documentation.
Daemon will be stopped at the end of the build 

> Configure project :bingo
Fabric Loom: 1.17.21

> Configure project :drops
Fabric Loom: 1.17.21

> Configure project :enchants
Fabric Loom: 1.17.21

> Configure project :events
Fabric Loom: 1.17.21

> Configure project :mobs
Fabric Loom: 1.17.21

> Task :mobs:compileJava
> Task :mobs:processResources
> Task :mobs:classes
> Task :mobs:processIncludeJars UP-TO-DATE
> Task :mobs:compileTestJava NO-SOURCE
> Task :mobs:processTestResources NO-SOURCE
> Task :mobs:testClasses UP-TO-DATE
> Task :mobs:test NO-SOURCE
> Task :mobs:jar
> Task :mobs:assemble
> Task :mobs:validateAccessWidener NO-SOURCE
> Task :mobs:check UP-TO-DATE
> Task :mobs:build

BUILD SUCCESSFUL in 14s
4 actionable tasks: 3 executed, 1 up-to-date
