To honour the JVM settings for this build a single-use Daemon process will be forked. For more on this, please refer to https://docs.gradle.org/9.5.1/userguide/gradle_daemon.html#sec:disabling_the_daemon in the Gradle documentation.
Daemon will be stopped at the end of the build 

> Configure project :core
Fabric Loom: 1.17.21

> Configure project :bingo
Fabric Loom: 1.17.21
Previous process has disowned the lock due to abrupt termination.
Found existing cache lock file (ACQUIRED_PREVIOUS_OWNER_DISOWNED), rebuilding loom cache. This may have been caused by a failed or canceled build.

> Configure project :drops
Fabric Loom: 1.17.21

> Configure project :enchants
Fabric Loom: 1.17.21

> Configure project :events
Fabric Loom: 1.17.21

> Configure project :mobs
Fabric Loom: 1.17.21

> Task :bingo:processResources
> Task :drops:processResources
> Task :events:processResources
> Task :mobs:processResources
> Task :bingo:processIncludeJars UP-TO-DATE
> Task :events:processIncludeJars UP-TO-DATE
> Task :drops:processIncludeJars UP-TO-DATE
> Task :mobs:processIncludeJars UP-TO-DATE
> Task :mobs:processTestResources NO-SOURCE
> Task :drops:processTestResources NO-SOURCE
> Task :events:processTestResources NO-SOURCE
> Task :bingo:processTestResources NO-SOURCE
> Task :mobs:validateAccessWidener NO-SOURCE
> Task :drops:validateAccessWidener NO-SOURCE
> Task :bingo:validateAccessWidener NO-SOURCE
> Task :events:validateAccessWidener NO-SOURCE
> Task :enchants:processResources
> Task :enchants:processIncludeJars UP-TO-DATE
> Task :enchants:processTestResources NO-SOURCE
> Task :enchants:validateAccessWidener NO-SOURCE
> Task :core:compileJava UP-TO-DATE
> Task :core:processResources UP-TO-DATE
> Task :core:classes UP-TO-DATE
> Task :core:processIncludeJars UP-TO-DATE
> Task :core:jar UP-TO-DATE
> Task :core:sourcesJar UP-TO-DATE
> Task :core:assemble UP-TO-DATE
> Task :core:compileTestJava NO-SOURCE
> Task :drops:compileJava UP-TO-DATE
> Task :drops:classes
> Task :core:processTestResources NO-SOURCE
> Task :core:testClasses UP-TO-DATE
> Task :core:test NO-SOURCE
> Task :core:validateAccessWidener NO-SOURCE
> Task :core:check UP-TO-DATE
> Task :core:build UP-TO-DATE
> Task :bingo:compileJava UP-TO-DATE
> Task :events:compileJava UP-TO-DATE
> Task :enchants:compileJava UP-TO-DATE
> Task :bingo:classes
> Task :enchants:classes
> Task :events:classes
> Task :enchants:compileTestJava NO-SOURCE
> Task :drops:compileTestJava NO-SOURCE
> Task :drops:testClasses UP-TO-DATE
> Task :enchants:testClasses UP-TO-DATE
> Task :drops:test NO-SOURCE
> Task :drops:check UP-TO-DATE
> Task :drops:jar
> Task :enchants:jar
> Task :drops:assemble
> Task :drops:build
> Task :enchants:assemble
> Task :enchants:test NO-SOURCE
> Task :bingo:compileTestJava NO-SOURCE
> Task :bingo:testClasses UP-TO-DATE
> Task :enchants:check UP-TO-DATE
> Task :enchants:build
> Task :bingo:test NO-SOURCE
> Task :bingo:check UP-TO-DATE
> Task :events:compileTestJava NO-SOURCE
> Task :events:testClasses UP-TO-DATE
> Task :events:test NO-SOURCE
> Task :events:check UP-TO-DATE
> Task :bingo:jar
> Task :bingo:assemble
> Task :bingo:build
> Task :events:jar
> Task :events:assemble
> Task :events:build
> Task :mobs:compileJava
> Task :mobs:classes
> Task :mobs:compileTestJava NO-SOURCE
> Task :mobs:testClasses UP-TO-DATE
> Task :mobs:test NO-SOURCE
> Task :mobs:check UP-TO-DATE
> Task :mobs:jar
> Task :mobs:assemble
> Task :mobs:build

BUILD SUCCESSFUL in 13s
25 actionable tasks: 11 executed, 14 up-to-date
