To honour the JVM settings for this build a single-use Daemon process will be forked. For more on this, please refer to https://docs.gradle.org/9.5.1/userguide/gradle_daemon.html#sec:disabling_the_daemon in the Gradle documentation.
Daemon will be stopped at the end of the build 

> Configure project :core
Fabric Loom: 1.17.21

> Configure project :drops
Fabric Loom: 1.17.21

> Configure project :bingo
Fabric Loom: 1.17.21

> Configure project :enchants
Fabric Loom: 1.17.21

> Configure project :events
Fabric Loom: 1.17.21

> Configure project :mobs
Fabric Loom: 1.17.21

> Task :drops:processResources UP-TO-DATE
> Task :enchants:processResources UP-TO-DATE
> Task :mobs:processResources UP-TO-DATE
> Task :events:processResources UP-TO-DATE
> Task :bingo:processResources UP-TO-DATE
> Task :events:processIncludeJars UP-TO-DATE
> Task :drops:processIncludeJars UP-TO-DATE
> Task :enchants:processIncludeJars UP-TO-DATE
> Task :mobs:processIncludeJars UP-TO-DATE
> Task :bingo:processIncludeJars UP-TO-DATE
> Task :drops:processTestResources NO-SOURCE
> Task :events:processTestResources NO-SOURCE
> Task :enchants:processTestResources NO-SOURCE
> Task :bingo:processTestResources NO-SOURCE
> Task :mobs:processTestResources NO-SOURCE
> Task :enchants:validateAccessWidener NO-SOURCE
> Task :drops:validateAccessWidener NO-SOURCE
> Task :bingo:validateAccessWidener NO-SOURCE
> Task :events:validateAccessWidener NO-SOURCE
> Task :mobs:validateAccessWidener NO-SOURCE
> Task :core:compileJava
> Task :core:processResources UP-TO-DATE
> Task :core:classes
> Task :core:processIncludeJars UP-TO-DATE
> Task :mobs:compileJava UP-TO-DATE
> Task :mobs:classes UP-TO-DATE
> Task :mobs:compileTestJava NO-SOURCE
> Task :mobs:jar
> Task :mobs:assemble
> Task :mobs:testClasses UP-TO-DATE
> Task :core:sourcesJar
> Task :core:compileTestJava NO-SOURCE
> Task :core:processTestResources NO-SOURCE
> Task :core:testClasses UP-TO-DATE
> Task :core:test NO-SOURCE
> Task :core:validateAccessWidener NO-SOURCE
> Task :core:check UP-TO-DATE
> Task :core:jar
> Task :core:assemble
> Task :core:build
> Task :mobs:test NO-SOURCE
> Task :mobs:check UP-TO-DATE
> Task :mobs:build
> Task :drops:compileJava
> Task :drops:classes
> Task :enchants:compileJava UP-TO-DATE
> Task :enchants:classes UP-TO-DATE
> Task :bingo:compileJava UP-TO-DATE
> Task :bingo:classes UP-TO-DATE
> Task :drops:compileTestJava NO-SOURCE
> Task :drops:testClasses UP-TO-DATE
> Task :drops:test NO-SOURCE
> Task :drops:check UP-TO-DATE
> Task :drops:jar
> Task :drops:assemble
> Task :drops:build
> Task :bingo:compileTestJava NO-SOURCE
> Task :bingo:testClasses UP-TO-DATE
> Task :bingo:test NO-SOURCE
> Task :bingo:check UP-TO-DATE
> Task :enchants:compileTestJava NO-SOURCE
> Task :enchants:testClasses UP-TO-DATE
> Task :enchants:test NO-SOURCE
> Task :enchants:check UP-TO-DATE
> Task :enchants:jar
> Task :enchants:assemble
> Task :enchants:build
> Task :bingo:jar
> Task :bingo:assemble
> Task :bingo:build

> Task :events:compileJava
注: D:\code\random-drops\events\src\main\java\com\yunxigames\GlobalEvents.java使用或覆盖了已过时的 API。
注: 有关详细信息, 请使用 -Xlint:deprecation 重新编译。

> Task :events:classes
> Task :events:compileTestJava NO-SOURCE
> Task :events:testClasses UP-TO-DATE
> Task :events:test NO-SOURCE
> Task :events:check UP-TO-DATE
> Task :events:jar
> Task :events:assemble
> Task :events:build

[Incubating] Problems report is available at: file:///D:/code/random-drops/build/reports/problems/problems-report.html

BUILD SUCCESSFUL in 42s
25 actionable tasks: 10 executed, 15 up-to-date
