To honour the JVM settings for this build a single-use Daemon process will be forked. For more on this, please refer to https://docs.gradle.org/9.5.1/userguide/gradle_daemon.html#sec:disabling_the_daemon in the Gradle documentation.
Daemon will be stopped at the end of the build 

> Configure project :bingo
Fabric Loom: 1.17.21

> Configure project :drops
Fabric Loom: 1.17.21

> Configure project :enchants
Fabric Loom: 1.17.21

> Configure project :events
Fabric Loom: 1.17.21

> Configure project :mobs
Fabric Loom: 1.17.21

> Task :mobs:compileJava UP-TO-DATE
> Task :mobs:processResources
> Task :mobs:classes

> Task :mobs:compileClientJava
注: D:\code\random-drops\mobs\src\client\java\com\yunxigames\mobs\client\YunxiGamesMobsClient.java使用或覆盖了已过时的 API。
注: 有关详细信息, 请使用 -Xlint:deprecation 重新编译。

> Task :mobs:processClientResources
> Task :mobs:clientClasses
> Task :mobs:processIncludeJars UP-TO-DATE
> Task :mobs:compileTestJava NO-SOURCE
> Task :mobs:processTestResources NO-SOURCE
> Task :mobs:testClasses UP-TO-DATE
> Task :mobs:test NO-SOURCE
> Task :mobs:jar
> Task :mobs:validateAccessWidener NO-SOURCE
> Task :mobs:assemble
> Task :mobs:check UP-TO-DATE
> Task :mobs:build

[Incubating] Problems report is available at: file:///D:/code/random-drops/build/reports/problems/problems-report.html

BUILD SUCCESSFUL in 17s
6 actionable tasks: 4 executed, 2 up-to-date
