To honour the JVM settings for this build a single-use Daemon process will be forked. For more on this, please refer to https://docs.gradle.org/9.5.1/userguide/gradle_daemon.html#sec:disabling_the_daemon in the Gradle documentation.
Daemon will be stopped at the end of the build 

> Configure project :core
Fabric Loom: 1.17.21

> Configure project :drops
Fabric Loom: 1.17.21
Failed to parse fabric.mod.json: D:\code\random-drops\drops\src\main\resources\fabric.mod.json
Failed to parse fabric.mod.json: D:\code\random-drops\drops\src\main\resources\fabric.mod.json

> Configure project :bingo
Fabric Loom: 1.17.21
Failed to parse fabric.mod.json: D:\code\random-drops\drops\src\main\resources\fabric.mod.json

> Configure project :enchants
Fabric Loom: 1.17.21
Failed to parse fabric.mod.json: D:\code\random-drops\drops\src\main\resources\fabric.mod.json

> Configure project :events
Fabric Loom: 1.17.21

> Configure project :mobs
Fabric Loom: 1.17.21

> Task :core:compileJava UP-TO-DATE
> Task :mobs:compileJava UP-TO-DATE
> Task :drops:compileJava

> Task :bingo:compileJava FAILED
D:\code\random-drops\bingo\src\main\java\com\yunxigames\Bingos.java:158: 错误: 找不到符号
			if (id != null && config.entityBlacklist.stream().noneMatch(b ->
			                        ^
  符号:   变量 entityBlacklist
  位置: 类型为BingoConfig的变量 config
D:\code\random-drops\bingo\src\main\java\com\yunxigames\BingoSelfTest.java:27: 错误: 找不到符号
		Set<Integer> covered = new HashSet<>();
		^
  符号:   类 Set
  位置: 类 BingoSelfTest
D:\code\random-drops\bingo\src\main\java\com\yunxigames\BingoSelfTest.java:27: 错误: 找不到符号
		Set<Integer> covered = new HashSet<>();
		                           ^
  符号:   类 HashSet
  位置: 类 BingoSelfTest
3 个错误

> Task :enchants:compileJava FAILED
D:\code\random-drops\enchants\src\main\java\com\yunxigames\EnchantmentEffects.java:431: 错误: 不兼容的类型: EnchantsConfig无法转换为DropsConfig
				x -> x instanceof Mob && DropRandomizer.isHostile(x.getType(), config))) {
				                                                               ^
注: 某些消息已经过简化; 请使用 -Xdiags:verbose 重新编译以获得完整输出
1 个错误

> Task :events:compileJava
注: D:\code\random-drops\events\src\main\java\com\yunxigames\GlobalEvents.java使用或覆盖了已过时的 API。
注: 有关详细信息, 请使用 -Xlint:deprecation 重新编译。

[Incubating] Problems report is available at: file:///D:/code/random-drops/build/reports/problems/problems-report.html

FAILURE: Build completed with 2 failures.

1: Task failed with an exception.
-----------
* What went wrong:
Execution failed for task ':bingo:compileJava' (registered by plugin class 'org.gradle.api.plugins.JavaBasePlugin').
> Compilation failed; see the compiler output below.
  D:\code\random-drops\bingo\src\main\java\com\yunxigames\Bingos.java:158: 错误: 找不到符号
  			if (id != null && config.entityBlacklist.stream().noneMatch(b ->
  			                        ^
    符号:   变量 entityBlacklist
    位置: 类型为BingoConfig的变量 config
  D:\code\random-drops\bingo\src\main\java\com\yunxigames\BingoSelfTest.java:27: 错误: 找不到符号
  		Set<Integer> covered = new HashSet<>();
  		^
    符号:   类 Set
    位置: 类 BingoSelfTest
  D:\code\random-drops\bingo\src\main\java\com\yunxigames\BingoSelfTest.java:27: 错误: 找不到符号
  		Set<Integer> covered = new HashSet<>();
  		                           ^
    符号:   类 HashSet
    位置: 类 BingoSelfTest
  3 个错误

* Try:
> Check your code and dependencies to fix the compilation error(s)
> Run with --scan to get full insights from a Build Scan (powered by Develocity).
==============================================================================

2: Task failed with an exception.
-----------
* What went wrong:
Execution failed for task ':enchants:compileJava' (registered by plugin class 'org.gradle.api.plugins.JavaBasePlugin').
> Compilation failed; see the compiler output below.
  D:\code\random-drops\enchants\src\main\java\com\yunxigames\EnchantmentEffects.java:431: 错误: 不兼容的类型: EnchantsConfig无法转换为DropsConfig
  				x -> x instanceof Mob && DropRandomizer.isHostile(x.getType(), config))) {
  				                                                               ^
  注: 某些消息已经过简化; 请使用 -Xdiags:verbose 重新编译以获得完整输出
  1 个错误

* Try:
> Check your code and dependencies to fix the compilation error(s)
> Run with --scan to get full insights from a Build Scan (powered by Develocity).
==============================================================================

BUILD FAILED in 21s
6 actionable tasks: 4 executed, 2 up-to-date
