To honour the JVM settings for this build a single-use Daemon process will be forked. For more on this, please refer to https://docs.gradle.org/9.5.1/userguide/gradle_daemon.html#sec:disabling_the_daemon in the Gradle documentation.
Daemon will be stopped at the end of the build 

> Configure project :core
Fabric Loom: 1.17.21
Previous process has disowned the lock due to abrupt termination.
Found existing cache lock file (ACQUIRED_PREVIOUS_OWNER_DISOWNED), rebuilding loom cache. This may have been caused by a failed or canceled build.

> Configure project :enchants
Fabric Loom: 1.17.21

> Configure project :events
Fabric Loom: 1.17.21

> Configure project :mobs
Fabric Loom: 1.17.21

> Task :core:compileJava
D:\code\random-drops\core\src\main\java\com\randomdrops\SelfTest.java:1239: 错误: 修饰符重复
	public public static int countUndead(ServerLevel level, BlockPos center, double r) {
	       ^
D:\code\random-drops\core\src\main\java\com\randomdrops\SelfTest.java:1247: 错误: 修饰符重复
	public public static int countFrogs(ServerLevel level, BlockPos center, double r) {
	       ^
D:\code\random-drops\core\src\main\java\com\randomdrops\SelfTest.java:1255: 错误: 修饰符重复
	public static void checkGreed(ServerLevel level, RandomDropsConfig config) {
	^
D:\code\random-drops\core\src\main\java\com\randomdrops\SelfTest.java:1274: 错误: 修饰符重复
	public /** 自检用：在指定位置生成一个盔甲架（有护甲槽与属性表，测诅咒足够了）。 */
	^
D:\code\random-drops\core\src\main\java\com\randomdrops\SelfTest.java:1275: 错误: 修饰符重复
	public static ArmorStand spawnArmorStand(ServerLevel level, BlockPos pos) {
	^
D:\code\random-drops\core\src\main\java\com\randomdrops\SelfTest.java:1291: 错误: 修饰符重复
	public /** ㉗：击杀升级核心 —— I→II→III 递进，满级封顶不再升。 */
	^
D:\code\random-drops\core\src\main\java\com\randomdrops\SelfTest.java:1292: 错误: 修饰符重复
	public /** ㉘：陨石是真实下落的火球实体，爆炸后落点残留矿物。 */
	^
D:\code\random-drops\core\src\main\java\com\randomdrops\SelfTest.java:1293: 错误: 修饰符重复
	public /** ㉙：灭火不再凭空掉随机物品（无掉落方块黑名单）。 */
	^
D:\code\random-drops\core\src\main\java\com\randomdrops\SelfTest.java:1294: 错误: 修饰符重复
	public static void checkNoDropBlocks(RandomDropsConfig config) {
	^
D:\code\random-drops\core\src\main\java\com\randomdrops\SelfTest.java:1306: 错误: 修饰符重复
	public /** ㉜：三个新事件（雷池 / 血月 / 福到）入列 + 结算一步不崩 + HUD 展示名正确。 */
	^
D:\code\random-drops\core\src\main\java\com\randomdrops\SelfTest.java:1307: 错误: 修饰符重复
	public /** 自检辅助：取一个原版附魔的 Holder。 */
	^
D:\code\random-drops\core\src\main\java\com\randomdrops\SelfTest.java:1308: 错误: 修饰符重复
	public static Holder<Enchantment> vanillaEnchant(ServerLevel level, String id) {
	^
D:\code\random-drops\core\src\main\java\com\randomdrops\SelfTest.java:1332: 错误: 修饰符重复
	public static void checkLuckBonus(ServerLevel level, RandomDropsConfig config) {
	^
D:\code\random-drops\core\src\main\java\com\randomdrops\SelfTest.java:1373: 错误: 修饰符重复
	public static void check(String name, boolean ok, String detail) {
	^
14 个错误

> Task :core:compileJava FAILED

[Incubating] Problems report is available at: file:///D:/code/random-drops/build/reports/problems/problems-report.html

FAILURE: Build failed with an exception.

* What went wrong:
Execution failed for task ':core:compileJava' (registered by plugin class 'org.gradle.api.plugins.JavaBasePlugin').
> Compilation failed; see the compiler output below.
  D:\code\random-drops\core\src\main\java\com\randomdrops\SelfTest.java:1239: 错误: 修饰符重复
  	public public static int countUndead(ServerLevel level, BlockPos center, double r) {
  	       ^
  D:\code\random-drops\core\src\main\java\com\randomdrops\SelfTest.java:1247: 错误: 修饰符重复
  	public public static int countFrogs(ServerLevel level, BlockPos center, double r) {
  	       ^
  D:\code\random-drops\core\src\main\java\com\randomdrops\SelfTest.java:1255: 错误: 修饰符重复
  	public static void checkGreed(ServerLevel level, RandomDropsConfig config) {
  	^
  D:\code\random-drops\core\src\main\java\com\randomdrops\SelfTest.java:1274: 错误: 修饰符重复
  	public /** 自检用：在指定位置生成一个盔甲架（有护甲槽与属性表，测诅咒足够了）。 */
  	^
  D:\code\random-drops\core\src\main\java\com\randomdrops\SelfTest.java:1275: 错误: 修饰符重复
  	public static ArmorStand spawnArmorStand(ServerLevel level, BlockPos pos) {
  	^
  D:\code\random-drops\core\src\main\java\com\randomdrops\SelfTest.java:1291: 错误: 修饰符重复
  	public /** ㉗：击杀升级核心 —— I→II→III 递进，满级封顶不再升。 */
  	^
  D:\code\random-drops\core\src\main\java\com\randomdrops\SelfTest.java:1292: 错误: 修饰符重复
  	public /** ㉘：陨石是真实下落的火球实体，爆炸后落点残留矿物。 */
  	^
  D:\code\random-drops\core\src\main\java\com\randomdrops\SelfTest.java:1293: 错误: 修饰符重复
  	public /** ㉙：灭火不再凭空掉随机物品（无掉落方块黑名单）。 */
  	^
  D:\code\random-drops\core\src\main\java\com\randomdrops\SelfTest.java:1294: 错误: 修饰符重复
  	public static void checkNoDropBlocks(RandomDropsConfig config) {
  	^
  D:\code\random-drops\core\src\main\java\com\randomdrops\SelfTest.java:1306: 错误: 修饰符重复
  	public /** ㉜：三个新事件（雷池 / 血月 / 福到）入列 + 结算一步不崩 + HUD 展示名正确。 */
  	^
  D:\code\random-drops\core\src\main\java\com\randomdrops\SelfTest.java:1307: 错误: 修饰符重复
  	public /** 自检辅助：取一个原版附魔的 Holder。 */
  	^
  D:\code\random-drops\core\src\main\java\com\randomdrops\SelfTest.java:1308: 错误: 修饰符重复
  	public static Holder<Enchantment> vanillaEnchant(ServerLevel level, String id) {
  	^
  D:\code\random-drops\core\src\main\java\com\randomdrops\SelfTest.java:1332: 错误: 修饰符重复
  	public static void checkLuckBonus(ServerLevel level, RandomDropsConfig config) {
  	^
  D:\code\random-drops\core\src\main\java\com\randomdrops\SelfTest.java:1373: 错误: 修饰符重复
  	public static void check(String name, boolean ok, String detail) {
  	^
  14 个错误

* Try:
> Check your code and dependencies to fix the compilation error(s)
> Run with --scan to get full insights from a Build Scan (powered by Develocity).

BUILD FAILED in 34s
1 actionable task: 1 executed
