To honour the JVM settings for this build a single-use Daemon process will be forked. For more on this, please refer to https://docs.gradle.org/9.5.1/userguide/gradle_daemon.html#sec:disabling_the_daemon in the Gradle documentation.
Daemon will be stopped at the end of the build 

> Configure project :core
Fabric Loom: 1.17.21

> Configure project :bingo
Fabric Loom: 1.17.21

> Configure project :drops
Fabric Loom: 1.17.21
Failed to parse fabric.mod.json: D:\code\random-drops\drops\src\main\resources\fabric.mod.json

> Configure project :enchants
Fabric Loom: 1.17.21

> Configure project :events
Fabric Loom: 1.17.21

> Configure project :mobs
Fabric Loom: 1.17.21

> Task :core:compileJava UP-TO-DATE

> Task :mobs:compileJava FAILED
D:\code\random-drops\mobs\src\main\java\com\yunxigames\YunxiGamesMobs.java:35: 错误: 非法字符: '\uff08'
		SelfTest.register(() -> MobsConfig.get().selfTestRolls);（由 core 的 SelfTest 在 SERVER_STARTED 时统一跑）
		                                                        ^
D:\code\random-drops\mobs\src\main\java\com\yunxigames\YunxiGamesMobs.java:35: 错误: 需要';'
		SelfTest.register(() -> MobsConfig.get().selfTestRolls);（由 core 的 SelfTest 在 SERVER_STARTED 时统一跑）
		                                                               ^
D:\code\random-drops\mobs\src\main\java\com\yunxigames\YunxiGamesMobs.java:35: 错误: 需要';'
		SelfTest.register(() -> MobsConfig.get().selfTestRolls);（由 core 的 SelfTest 在 SERVER_STARTED 时统一跑）
		                                                                          ^
D:\code\random-drops\mobs\src\main\java\com\yunxigames\YunxiGamesMobs.java:35: 错误: 需要';'
		SelfTest.register(() -> MobsConfig.get().selfTestRolls);（由 core 的 SelfTest 在 SERVER_STARTED 时统一跑）
		                                                                                           ^
D:\code\random-drops\mobs\src\main\java\com\yunxigames\YunxiGamesMobs.java:35: 错误: 非法字符: '\uff09'
		SelfTest.register(() -> MobsConfig.get().selfTestRolls);（由 core 的 SelfTest 在 SERVER_STARTED 时统一跑）
		                                                                                                ^
D:\code\random-drops\mobs\src\main\java\com\yunxigames\YunxiGamesMobs.java:35: 错误: 不是语句
		SelfTest.register(() -> MobsConfig.get().selfTestRolls);（由 core 的 SelfTest 在 SERVER_STARTED 时统一跑）
		                                                                                            ^
6 个错误

> Task :events:compileJava FAILED
D:\code\random-drops\events\src\main\java\com\yunxigames\EventSelfTest.java:266: 错误: 语句不应在方法和初始化程序外部
		return level.getEntities((Entity) null, box, e -> e instanceof Frog).size();
		^
D:\code\random-drops\events\src\main\java\com\yunxigames\EventSelfTest.java:270: 错误: 需要 class、interface、enum 或 record
}
^
2 个错误

> Task :bingo:compileJava
D:\code\random-drops\bingo\src\main\java\com\yunxigames\Bingos.java:133: 错误: 找不到符号
		List<String> pool = DropRandomizer.samplePoolForBingo(level, BOARD * BOARD, RANDOM);
		                    ^
  符号:   变量 DropRandomizer
  位置: 类 Bingos
D:\code\random-drops\bingo\src\main\java\com\yunxigames\Bingos.java:158: 错误: 找不到符号
			if (id != null && config.entityBlacklist.stream().noneMatch(b ->
			                        ^
  符号:   变量 entityBlacklist
  位置: 类型为BingoConfig的变量 config
D:\code\random-drops\bingo\src\main\java\com\yunxigames\Bingos.java:287: 错误: 找不到符号
			ItemStack reward = DropRandomizer.randomTreasure(level, level.getRandom());
			                   ^
  符号:   变量 DropRandomizer
  位置: 类 Bingos
D:\code\random-drops\bingo\src\main\java\com\yunxigames\BingoSelfTest.java:27: 错误: 找不到符号
		Set<Integer> covered = new HashSet<>();
		^
  符号:   类 Set
  位置: 类 BingoSelfTest
D:\code\random-drops\bingo\src\main\java\com\yunxigames\BingoSelfTest.java:27: 错误: 找不到符号
		Set<Integer> covered = new HashSet<>();
		                           ^
  符号:   类 HashSet
  位置: 类 BingoSelfTest
5 个错误

> Task :bingo:compileJava FAILED

> Task :enchants:compileJava
D:\code\random-drops\enchants\src\main\java\com\yunxigames\EnchantmentEffects.java:431: 错误: 找不到符号
				x -> x instanceof Mob && DropRandomizer.isHostile(x.getType(), config))) {
				                         ^
  符号:   变量 DropRandomizer
  位置: 类 EnchantmentEffects
D:\code\random-drops\enchants\src\main\java\com\yunxigames\EnchantmentEffects.java:498: 错误: 找不到符号
		ItemStack extra = DropRandomizer.randomLootOne(level, pos, random);
		                  ^
  符号:   变量 DropRandomizer
  位置: 类 EnchantmentEffects
D:\code\random-drops\enchants\src\main\java\com\yunxigames\EnchantSelfTest.java:393: 错误: 找不到符号
				ItemStack s = DropRandomizer.makeRealSpecial(Items.DIAMOND_SWORD, 1, level, level.getRandom());
				              ^
  符号:   变量 DropRandomizer
  位置: 类 EnchantSelfTest
D:\code\random-drops\enchants\src\main\java\com\yunxigames\EnchantSelfTest.java:403: 错误: 找不到符号
				ItemStack s = DropRandomizer.makeRealSpecial(Items.IRON_PICKAXE, 1, level, level.getRandom());
				              ^
  符号:   变量 DropRandomizer
  位置: 类 EnchantSelfTest
D:\code\random-drops\enchants\src\main\java\com\yunxigames\EnchantSelfTest.java:411: 错误: 找不到符号
			ItemStack apple = DropRandomizer.makeRealSpecial(Items.APPLE, 1, level, level.getRandom());
			                  ^
  符号:   变量 DropRandomizer
  位置: 类 EnchantSelfTest
D:\code\random-drops\enchants\src\main\java\com\yunxigames\EnchantSelfTest.java:451: 错误: 找不到符号
			if (!DropRandomizer.randomLootOne(level, pos, level.getRandom()).isEmpty()) {
			     ^
  符号:   变量 DropRandomizer
  位置: 类 EnchantSelfTest
D:\code\random-drops\enchants\src\main\java\com\yunxigames\LibrarianTrades.java:92: 错误: 找不到符号
			List<String> costIds = DropRandomizer.samplePoolForBingo(level, 1, random);
			                       ^
  符号:   变量 DropRandomizer
  位置: 类 LibrarianTrades
D:\code\random-drops\enchants\src\main\java\com\yunxigames\YunxiGamesEnchants.java:41: 错误: 找不到符号
		DropDecorators.register((stack, item, level, random) -> {
		^
  符号:   变量 DropDecorators
  位置: 类 YunxiGamesEnchants
8 个错误

> Task :enchants:compileJava FAILED

> Task :drops:compileJava
D:\code\random-drops\drops\src\main\java\com\yunxigames\Feedback.java:27: 错误: 找不到符号
		YgConfig config = YgConfig.get();
		                          ^
  符号:   方法 get()
  位置: 类 YgConfig
D:\code\random-drops\drops\src\main\java\com\yunxigames\Feedback.java:29: 错误: 找不到符号
		if (config.jackpotParticles) {
		          ^
  符号:   变量 jackpotParticles
  位置: 类型为YgConfig的变量 config
D:\code\random-drops\drops\src\main\java\com\yunxigames\Feedback.java:36: 错误: 找不到符号
		if (config.jackpotSound) {
		          ^
  符号:   变量 jackpotSound
  位置: 类型为YgConfig的变量 config
D:\code\random-drops\drops\src\main\java\com\yunxigames\Feedback.java:41: 错误: 找不到符号
		if (config.jackpotBroadcast) {
		          ^
  符号:   变量 jackpotBroadcast
  位置: 类型为YgConfig的变量 config
D:\code\random-drops\drops\src\main\java\com\yunxigames\Feedback.java:56: 错误: 找不到符号
		YgConfig config = YgConfig.get();
		                          ^
  符号:   方法 get()
  位置: 类 YgConfig
D:\code\random-drops\drops\src\main\java\com\yunxigames\Feedback.java:57: 错误: 找不到符号
		if (!config.showPityFeedback) {
		           ^
  符号:   变量 showPityFeedback
  位置: 类型为YgConfig的变量 config
D:\code\random-drops\drops\src\main\java\com\yunxigames\Feedback.java:73: 错误: 找不到符号
 		YgConfig config = YgConfig.get();
 		                          ^
  符号:   方法 get()
  位置: 类 YgConfig
D:\code\random-drops\drops\src\main\java\com\yunxigames\Feedback.java:74: 错误: 找不到符号
		if (!config.rareDropBroadcast) {
		           ^
  符号:   变量 rareDropBroadcast
  位置: 类型为YgConfig的变量 config
D:\code\random-drops\drops\src\main\java\com\yunxigames\Feedback.java:89: 错误: 找不到符号
		YgConfig config = YgConfig.get();
		                          ^
  符号:   方法 get()
  位置: 类 YgConfig
D:\code\random-drops\drops\src\main\java\com\yunxigames\Feedback.java:91: 错误: 找不到符号
		if (!config.spawnerEggBroadcast || level == null) {
		           ^
  符号:   变量 spawnerEggBroadcast
  位置: 类型为YgConfig的变量 config
D:\code\random-drops\drops\src\main\java\com\yunxigames\Feedback.java:112: 错误: 找不到符号
		if (!config.tntIgniteBroadcast) {
		           ^
  符号:   变量 tntIgniteBroadcast
  位置: 类型为YgConfig的变量 config
D:\code\random-drops\drops\src\main\java\com\yunxigames\Feedback.java:125: 错误: 找不到符号
		YgConfig config = YgConfig.get();
		                          ^
  符号:   方法 get()
  位置: 类 YgConfig
D:\code\random-drops\drops\src\main\java\com\yunxigames\Feedback.java:133: 错误: 找不到符号
					"§a徒手挖满 " + config.bareHandLogThreshold + " 个原木 —— 补给 §f"
					                  ^
  符号:   变量 bareHandLogThreshold
  位置: 类型为YgConfig的变量 config
D:\code\random-drops\drops\src\main\java\com\yunxigames\Feedback.java:137: 错误: 找不到符号
		if (!config.bareHandLogBroadcast) {
		           ^
  符号:   变量 bareHandLogBroadcast
  位置: 类型为YgConfig的变量 config
D:\code\random-drops\drops\src\main\java\com\yunxigames\Feedback.java:144: 错误: 找不到符号
				"§a[随机掉落] §e" + who + " §a徒手挖满了 " + config.bareHandLogThreshold + " 个原木，补给 §f"
				                                          ^
  符号:   变量 bareHandLogThreshold
  位置: 类型为YgConfig的变量 config
D:\code\random-drops\drops\src\main\java\com\yunxigames\Feedback.java:157: 错误: 找不到符号
		if (!config.limbInjuryBroadcast || level == null) {
		           ^
  符号:   变量 limbInjuryBroadcast
  位置: 类型为YgConfig的变量 config
D:\code\random-drops\drops\src\main\java\com\yunxigames\Feedback.java:177: 错误: 找不到符号
		YgConfig config = YgConfig.get();
		                          ^
  符号:   方法 get()
  位置: 类 YgConfig
D:\code\random-drops\drops\src\main\java\com\yunxigames\Feedback.java:187: 错误: 找不到符号
		if (!config.ultimateBroadcast) {
		           ^
  符号:   变量 ultimateBroadcast
  位置: 类型为YgConfig的变量 config
D:\code\random-drops\drops\src\main\java\com\yunxigames\Feedback.java:200: 错误: 找不到符号
		YgConfig config = YgConfig.get();
		                          ^
  符号:   方法 get()
  位置: 类 YgConfig
D:\code\random-drops\drops\src\main\java\com\yunxigames\Feedback.java:201: 错误: 找不到符号
		String one = (int) Math.round(config.limbOnePenalty * 100) + "%";
		                                    ^
  符号:   变量 limbOnePenalty
  位置: 类型为YgConfig的变量 config
D:\code\random-drops\drops\src\main\java\com\yunxigames\Feedback.java:202: 错误: 找不到符号
		String two = (int) Math.round(config.limbTwoPenalty * 100) + "%";
		                                    ^
  符号:   变量 limbTwoPenalty
  位置: 类型为YgConfig的变量 config
D:\code\random-drops\drops\src\main\java\com\yunxigames\LimbInjury.java:31: 错误: 找不到符号
	private static final Identifier LEG_ID = Identifier.fromNamespaceAndPath(YunxiGames.MOD_ID, "leg_injury");
	                                                                         ^
  符号:   变量 YunxiGames
  位置: 类 LimbInjury
D:\code\random-drops\drops\src\main\java\com\yunxigames\LimbInjury.java:34: 错误: 找不到符号
	private static final Identifier ARM_ID = Identifier.fromNamespaceAndPath(YunxiGames.MOD_ID, "arm_injury");
	                                                                         ^
  符号:   变量 YunxiGames
  位置: 类 LimbInjury
D:\code\random-drops\drops\src\main\java\com\yunxigames\YunxiGamesDrops.java:33: 错误: 找不到符号
				YunxiGamesCommand.register(dispatcher));
				^
  符号:   变量 YunxiGamesCommand
  位置: 类 YunxiGamesDrops
24 个错误

> Task :drops:compileJava FAILED

[Incubating] Problems report is available at: file:///D:/code/random-drops/build/reports/problems/problems-report.html

FAILURE: Build completed with 5 failures.

1: Task failed with an exception.
-----------
* What went wrong:
Execution failed for task ':mobs:compileJava' (registered by plugin class 'org.gradle.api.plugins.JavaBasePlugin').
> Compilation failed; see the compiler output below.
  D:\code\random-drops\mobs\src\main\java\com\yunxigames\YunxiGamesMobs.java:35: 错误: 不是语句
  		SelfTest.register(() -> MobsConfig.get().selfTestRolls);（由 core 的 SelfTest 在 SERVER_STARTED 时统一跑）
  		                                                                                            ^
  D:\code\random-drops\mobs\src\main\java\com\yunxigames\YunxiGamesMobs.java:35: 错误: 非法字符: '\uff08'
  		SelfTest.register(() -> MobsConfig.get().selfTestRolls);（由 core 的 SelfTest 在 SERVER_STARTED 时统一跑）
  		                                                        ^
  D:\code\random-drops\mobs\src\main\java\com\yunxigames\YunxiGamesMobs.java:35: 错误: 非法字符: '\uff09'
  		SelfTest.register(() -> MobsConfig.get().selfTestRolls);（由 core 的 SelfTest 在 SERVER_STARTED 时统一跑）
  		                                                                                                ^
  D:\code\random-drops\mobs\src\main\java\com\yunxigames\YunxiGamesMobs.java:35: 错误: 需要';'
  		SelfTest.register(() -> MobsConfig.get().selfTestRolls);（由 core 的 SelfTest 在 SERVER_STARTED 时统一跑）
  		                                                               ^
  D:\code\random-drops\mobs\src\main\java\com\yunxigames\YunxiGamesMobs.java:35: 错误: 需要';'
  		SelfTest.register(() -> MobsConfig.get().selfTestRolls);（由 core 的 SelfTest 在 SERVER_STARTED 时统一跑）
  		                                                                          ^
  D:\code\random-drops\mobs\src\main\java\com\yunxigames\YunxiGamesMobs.java:35: 错误: 需要';'
  		SelfTest.register(() -> MobsConfig.get().selfTestRolls);（由 core 的 SelfTest 在 SERVER_STARTED 时统一跑）
  		                                                                                           ^
  6 个错误

* Try:
> Check your code and dependencies to fix the compilation error(s)
> Run with --scan to get full insights from a Build Scan (powered by Develocity).
==============================================================================

2: Task failed with an exception.
-----------
* What went wrong:
Execution failed for task ':events:compileJava' (registered by plugin class 'org.gradle.api.plugins.JavaBasePlugin').
> Compilation failed; see the compiler output below.
  D:\code\random-drops\events\src\main\java\com\yunxigames\EventSelfTest.java:270: 错误: 需要 class、interface、enum 或 record
  }
  ^
  D:\code\random-drops\events\src\main\java\com\yunxigames\EventSelfTest.java:266: 错误: 语句不应在方法和初始化程序外部
  		return level.getEntities((Entity) null, box, e -> e instanceof Frog).size();
  		^
  2 个错误

* Try:
> Check your code and dependencies to fix the compilation error(s)
> Run with --scan to get full insights from a Build Scan (powered by Develocity).
==============================================================================

3: Task failed with an exception.
-----------
* What went wrong:
Execution failed for task ':bingo:compileJava' (registered by plugin class 'org.gradle.api.plugins.JavaBasePlugin').
> Compilation failed; see the compiler output below.
  D:\code\random-drops\bingo\src\main\java\com\yunxigames\Bingos.java:133: 错误: 找不到符号
  		List<String> pool = DropRandomizer.samplePoolForBingo(level, BOARD * BOARD, RANDOM);
  		                    ^
    符号:   变量 DropRandomizer
    位置: 类 Bingos
  D:\code\random-drops\bingo\src\main\java\com\yunxigames\Bingos.java:158: 错误: 找不到符号
  			if (id != null && config.entityBlacklist.stream().noneMatch(b ->
  			                        ^
    符号:   变量 entityBlacklist
    位置: 类型为BingoConfig的变量 config
  D:\code\random-drops\bingo\src\main\java\com\yunxigames\Bingos.java:287: 错误: 找不到符号
  			ItemStack reward = DropRandomizer.randomTreasure(level, level.getRandom());
  			                   ^
    符号:   变量 DropRandomizer
    位置: 类 Bingos
  D:\code\random-drops\bingo\src\main\java\com\yunxigames\BingoSelfTest.java:27: 错误: 找不到符号
  		Set<Integer> covered = new HashSet<>();
  		^
    符号:   类 Set
    位置: 类 BingoSelfTest
  D:\code\random-drops\bingo\src\main\java\com\yunxigames\BingoSelfTest.java:27: 错误: 找不到符号
  		Set<Integer> covered = new HashSet<>();
  		                           ^
    符号:   类 HashSet
    位置: 类 BingoSelfTest
  5 个错误

* Try:
> Check your code and dependencies to fix the compilation error(s)
> Run with --scan to get full insights from a Build Scan (powered by Develocity).
==============================================================================

4: Task failed with an exception.
-----------
* What went wrong:
Execution failed for task ':enchants:compileJava' (registered by plugin class 'org.gradle.api.plugins.JavaBasePlugin').
> Compilation failed; see the compiler output below.
  D:\code\random-drops\enchants\src\main\java\com\yunxigames\EnchantmentEffects.java:431: 错误: 找不到符号
  				x -> x instanceof Mob && DropRandomizer.isHostile(x.getType(), config))) {
  				                         ^
    符号:   变量 DropRandomizer
    位置: 类 EnchantmentEffects
  D:\code\random-drops\enchants\src\main\java\com\yunxigames\EnchantmentEffects.java:498: 错误: 找不到符号
  		ItemStack extra = DropRandomizer.randomLootOne(level, pos, random);
  		                  ^
    符号:   变量 DropRandomizer
    位置: 类 EnchantmentEffects
  D:\code\random-drops\enchants\src\main\java\com\yunxigames\EnchantSelfTest.java:393: 错误: 找不到符号
  				ItemStack s = DropRandomizer.makeRealSpecial(Items.DIAMOND_SWORD, 1, level, level.getRandom());
  				              ^
    符号:   变量 DropRandomizer
    位置: 类 EnchantSelfTest
  D:\code\random-drops\enchants\src\main\java\com\yunxigames\EnchantSelfTest.java:403: 错误: 找不到符号
  				ItemStack s = DropRandomizer.makeRealSpecial(Items.IRON_PICKAXE, 1, level, level.getRandom());
  				              ^
    符号:   变量 DropRandomizer
    位置: 类 EnchantSelfTest
  D:\code\random-drops\enchants\src\main\java\com\yunxigames\EnchantSelfTest.java:411: 错误: 找不到符号
  			ItemStack apple = DropRandomizer.makeRealSpecial(Items.APPLE, 1, level, level.getRandom());
  			                  ^
    符号:   变量 DropRandomizer
    位置: 类 EnchantSelfTest
  D:\code\random-drops\enchants\src\main\java\com\yunxigames\EnchantSelfTest.java:451: 错误: 找不到符号
  			if (!DropRandomizer.randomLootOne(level, pos, level.getRandom()).isEmpty()) {
  			     ^
    符号:   变量 DropRandomizer
    位置: 类 EnchantSelfTest
  D:\code\random-drops\enchants\src\main\java\com\yunxigames\LibrarianTrades.java:92: 错误: 找不到符号
  			List<String> costIds = DropRandomizer.samplePoolForBingo(level, 1, random);
  			                       ^
    符号:   变量 DropRandomizer
    位置: 类 LibrarianTrades
  D:\code\random-drops\enchants\src\main\java\com\yunxigames\YunxiGamesEnchants.java:41: 错误: 找不到符号
  		DropDecorators.register((stack, item, level, random) -> {
  		^
    符号:   变量 DropDecorators
    位置: 类 YunxiGamesEnchants
  8 个错误

* Try:
> Check your code and dependencies to fix the compilation error(s)
> Run with --scan to get full insights from a Build Scan (powered by Develocity).
==============================================================================

5: Task failed with an exception.
-----------
* What went wrong:
Execution failed for task ':drops:compileJava' (registered by plugin class 'org.gradle.api.plugins.JavaBasePlugin').
> Compilation failed; see the compiler output below.
  D:\code\random-drops\drops\src\main\java\com\yunxigames\Feedback.java:29: 错误: 找不到符号
  		if (config.jackpotParticles) {
  		          ^
    符号:   变量 jackpotParticles
    位置: 类型为YgConfig的变量 config
  D:\code\random-drops\drops\src\main\java\com\yunxigames\Feedback.java:36: 错误: 找不到符号
  		if (config.jackpotSound) {
  		          ^
    符号:   变量 jackpotSound
    位置: 类型为YgConfig的变量 config
  D:\code\random-drops\drops\src\main\java\com\yunxigames\Feedback.java:41: 错误: 找不到符号
  		if (config.jackpotBroadcast) {
  		          ^
    符号:   变量 jackpotBroadcast
    位置: 类型为YgConfig的变量 config
  D:\code\random-drops\drops\src\main\java\com\yunxigames\Feedback.java:57: 错误: 找不到符号
  		if (!config.showPityFeedback) {
  		           ^
    符号:   变量 showPityFeedback
    位置: 类型为YgConfig的变量 config
  D:\code\random-drops\drops\src\main\java\com\yunxigames\Feedback.java:74: 错误: 找不到符号
  		if (!config.rareDropBroadcast) {
  		           ^
    符号:   变量 rareDropBroadcast
    位置: 类型为YgConfig的变量 config
  D:\code\random-drops\drops\src\main\java\com\yunxigames\Feedback.java:91: 错误: 找不到符号
  		if (!config.spawnerEggBroadcast || level == null) {
  		           ^
    符号:   变量 spawnerEggBroadcast
    位置: 类型为YgConfig的变量 config
  D:\code\random-drops\drops\src\main\java\com\yunxigames\Feedback.java:112: 错误: 找不到符号
  		if (!config.tntIgniteBroadcast) {
  		           ^
    符号:   变量 tntIgniteBroadcast
    位置: 类型为YgConfig的变量 config
  D:\code\random-drops\drops\src\main\java\com\yunxigames\Feedback.java:133: 错误: 找不到符号
  					"§a徒手挖满 " + config.bareHandLogThreshold + " 个原木 —— 补给 §f"
  					                  ^
    符号:   变量 bareHandLogThreshold
    位置: 类型为YgConfig的变量 config
  D:\code\random-drops\drops\src\main\java\com\yunxigames\Feedback.java:137: 错误: 找不到符号
  		if (!config.bareHandLogBroadcast) {
  		           ^
    符号:   变量 bareHandLogBroadcast
    位置: 类型为YgConfig的变量 config
  D:\code\random-drops\drops\src\main\java\com\yunxigames\Feedback.java:144: 错误: 找不到符号
  				"§a[随机掉落] §e" + who + " §a徒手挖满了 " + config.bareHandLogThreshold + " 个原木，补给 §f"
  				                                          ^
    符号:   变量 bareHandLogThreshold
    位置: 类型为YgConfig的变量 config
  D:\code\random-drops\drops\src\main\java\com\yunxigames\Feedback.java:157: 错误: 找不到符号
  		if (!config.limbInjuryBroadcast || level == null) {
  		           ^
    符号:   变量 limbInjuryBroadcast
    位置: 类型为YgConfig的变量 config
  D:\code\random-drops\drops\src\main\java\com\yunxigames\Feedback.java:187: 错误: 找不到符号
  		if (!config.ultimateBroadcast) {
  		           ^
    符号:   变量 ultimateBroadcast
    位置: 类型为YgConfig的变量 config
  D:\code\random-drops\drops\src\main\java\com\yunxigames\Feedback.java:201: 错误: 找不到符号
  		String one = (int) Math.round(config.limbOnePenalty * 100) + "%";
  		                                    ^
    符号:   变量 limbOnePenalty
    位置: 类型为YgConfig的变量 config
  D:\code\random-drops\drops\src\main\java\com\yunxigames\Feedback.java:202: 错误: 找不到符号
  		String two = (int) Math.round(config.limbTwoPenalty * 100) + "%";
  		                                    ^
    符号:   变量 limbTwoPenalty
    位置: 类型为YgConfig的变量 config
  D:\code\random-drops\drops\src\main\java\com\yunxigames\LimbInjury.java:31: 错误: 找不到符号
  	private static final Identifier LEG_ID = Identifier.fromNamespaceAndPath(YunxiGames.MOD_ID, "leg_injury");
  	                                                                         ^
    符号:   变量 YunxiGames
    位置: 类 LimbInjury
  D:\code\random-drops\drops\src\main\java\com\yunxigames\LimbInjury.java:34: 错误: 找不到符号
  	private static final Identifier ARM_ID = Identifier.fromNamespaceAndPath(YunxiGames.MOD_ID, "arm_injury");
  	                                                                         ^
    符号:   变量 YunxiGames
    位置: 类 LimbInjury
  D:\code\random-drops\drops\src\main\java\com\yunxigames\YunxiGamesDrops.java:33: 错误: 找不到符号
  				YunxiGamesCommand.register(dispatcher));
  				^
    符号:   变量 YunxiGamesCommand
    位置: 类 YunxiGamesDrops
  D:\code\random-drops\drops\src\main\java\com\yunxigames\Feedback.java:27: 错误: 找不到符号
  		YgConfig config = YgConfig.get();
  		                          ^
    符号:   方法 get()
    位置: 类 YgConfig
  D:\code\random-drops\drops\src\main\java\com\yunxigames\Feedback.java:56: 错误: 找不到符号
  		YgConfig config = YgConfig.get();
  		                          ^
    符号:   方法 get()
    位置: 类 YgConfig
  D:\code\random-drops\drops\src\main\java\com\yunxigames\Feedback.java:73: 错误: 找不到符号
   		YgConfig config = YgConfig.get();
   		                          ^
    符号:   方法 get()
    位置: 类 YgConfig
  D:\code\random-drops\drops\src\main\java\com\yunxigames\Feedback.java:89: 错误: 找不到符号
  		YgConfig config = YgConfig.get();
  		                          ^
    符号:   方法 get()
    位置: 类 YgConfig
  D:\code\random-drops\drops\src\main\java\com\yunxigames\Feedback.java:125: 错误: 找不到符号
  		YgConfig config = YgConfig.get();
  		                          ^
    符号:   方法 get()
    位置: 类 YgConfig
  D:\code\random-drops\drops\src\main\java\com\yunxigames\Feedback.java:177: 错误: 找不到符号
  		YgConfig config = YgConfig.get();
  		                          ^
    符号:   方法 get()
    位置: 类 YgConfig
  D:\code\random-drops\drops\src\main\java\com\yunxigames\Feedback.java:200: 错误: 找不到符号
  		YgConfig config = YgConfig.get();
  		                          ^
    符号:   方法 get()
    位置: 类 YgConfig
  24 个错误

* Try:
> Check your code and dependencies to fix the compilation error(s)
> Run with --scan to get full insights from a Build Scan (powered by Develocity).
==============================================================================

BUILD FAILED in 14s
6 actionable tasks: 5 executed, 1 up-to-date
