To honour the JVM settings for this build a single-use Daemon process will be forked. For more on this, please refer to https://docs.gradle.org/9.5.1/userguide/gradle_daemon.html#sec:disabling_the_daemon in the Gradle documentation.
Daemon will be stopped at the end of the build 

> Configure project :core
Fabric Loom: 1.17.20

FAILURE: Build failed with an exception.

* What went wrong:
A problem occurred configuring project ':core'.
> Could not resolve all files for configuration ':core:mainRuntimeDependencyResolve'.
   > Could not resolve net.fabricmc:fabric-api:fabric-api.
     Required by:
         project ':core'
      > No cached version of net.fabricmc:fabric-api:fabric-api available for offline mode.
      > No cached version of net.fabricmc:fabric-api:fabric-api available for offline mode.
      > No cached version of net.fabricmc:fabric-api:fabric-api available for offline mode.
      > No cached version of net.fabricmc:fabric-api:fabric-api available for offline mode.
      > No cached version of net.fabricmc:fabric-api:fabric-api available for offline mode.

* Try:
> Run with --stacktrace option to get the stack trace.
> Run with --info or --debug option to get more log output.
> Run with --scan to get full insights from a Build Scan (powered by Develocity).
> Get more help at https://help.gradle.org.

BUILD FAILED in 10s
