To honour the JVM settings for this build a single-use Daemon process will be forked. For more on this, please refer to https://docs.gradle.org/9.5.1/userguide/gradle_daemon.html#sec:disabling_the_daemon in the Gradle documentation.
Daemon will be stopped at the end of the build 

> Configure project :core
Fabric Loom: 1.17.21

> Configure project :bingo
Fabric Loom: 1.17.21
Previous process has disowned the lock due to abrupt termination.
Found existing cache lock file (ACQUIRED_PREVIOUS_OWNER_DISOWNED), rebuilding loom cache. This may have been caused by a failed or canceled build.

FAILURE: Build failed with an exception.

* What went wrong:
A problem occurred configuring project ':bingo'.
> Could not resolve all files for configuration ':bingo:mainRuntimeDependencyResolve'.
   > Could not find net.fabricmc:fabric-api:fabric-api.
     Searched in the following locations:
       - https://maven.fabricmc.net/net/fabricmc/fabric-api/fabric-api/fabric-api-fabric-api.pom
       - https://libraries.minecraft.net/net/fabricmc/fabric-api/fabric-api/fabric-api-fabric-api.pom
       - https://libraries.minecraft.net/net/fabricmc/fabric-api/fabric-api/fabric-api-fabric-api-0.159.0+26.2.jar
       - https://repo.maven.apache.org/maven2/net/fabricmc/fabric-api/fabric-api/fabric-api-fabric-api.pom
       - file:/D:/code/random-drops/.gradle/loom-cache/remapped_mods/net/fabricmc/fabric-api/fabric-api/fabric-api-fabric-api.pom
       - file:/C:/Users/Y1116/.gradle/caches/fabric-loom/minecraftMaven/net/fabricmc/fabric-api/fabric-api/fabric-api-fabric-api.pom
       - file:/D:/code/random-drops/.gradle/loom-cache/minecraftMaven/net/fabricmc/fabric-api/fabric-api/fabric-api-fabric-api.pom
     Required by:
         project ':bingo'

* Try:
> Run with --stacktrace option to get the stack trace.
> Run with --info or --debug option to get more log output.
> Run with --scan to get full insights from a Build Scan (powered by Develocity).
> Get more help at https://help.gradle.org.

BUILD FAILED in 21s
