To honour the JVM settings for this build a single-use Daemon process will be forked. For more on this, please refer to https://docs.gradle.org/9.5.1/userguide/gradle_daemon.html#sec:disabling_the_daemon in the Gradle documentation.
Daemon will be stopped at the end of the build 

> Configure project :core
Fabric Loom: 1.17.21

> Configure project :drops
Fabric Loom: 1.17.21
Failed to parse fabric.mod.json: D:\code\random-drops\drops\src\main\resources\fabric.mod.json
Failed to parse fabric.mod.json: D:\code\random-drops\drops\src\main\resources\fabric.mod.json

> Configure project :bingo
Fabric Loom: 1.17.21
Failed to parse fabric.mod.json: D:\code\random-drops\drops\src\main\resources\fabric.mod.json

> Configure project :enchants
Fabric Loom: 1.17.21
Failed to parse fabric.mod.json: D:\code\random-drops\drops\src\main\resources\fabric.mod.json

> Configure project :events
Fabric Loom: 1.17.21

> Configure project :mobs
Fabric Loom: 1.17.21

> Task :core:compileJava UP-TO-DATE
> Task :mobs:compileJava UP-TO-DATE

> Task :drops:compileJava
D:\code\random-drops\drops\src\main\java\com\yunxigames\LimbInjury.java:31: 错误: 找不到符号
	private static final Identifier LEG_ID = Identifier.fromNamespaceAndPath(YunxiGames.MOD_ID, "leg_injury");
	                                                                         ^
  符号:   变量 YunxiGames
  位置: 类 LimbInjury
D:\code\random-drops\drops\src\main\java\com\yunxigames\LimbInjury.java:34: 错误: 找不到符号
	private static final Identifier ARM_ID = Identifier.fromNamespaceAndPath(YunxiGames.MOD_ID, "arm_injury");
	                                                                         ^
  符号:   变量 YunxiGames
  位置: 类 LimbInjury
D:\code\random-drops\drops\src\main\java\com\yunxigames\YunxiGamesDrops.java:33: 错误: 找不到符号
				YunxiGamesCommand.register(dispatcher));
				^
  符号:   变量 YunxiGamesCommand
  位置: 类 YunxiGamesDrops
3 个错误

> Task :drops:compileJava FAILED

[Incubating] Problems report is available at: file:///D:/code/random-drops/build/reports/problems/problems-report.html

FAILURE: Build failed with an exception.

* What went wrong:
Execution failed for task ':drops:compileJava' (registered by plugin class 'org.gradle.api.plugins.JavaBasePlugin').
> Compilation failed; see the compiler output below.
  D:\code\random-drops\drops\src\main\java\com\yunxigames\LimbInjury.java:31: 错误: 找不到符号
  	private static final Identifier LEG_ID = Identifier.fromNamespaceAndPath(YunxiGames.MOD_ID, "leg_injury");
  	                                                                         ^
    符号:   变量 YunxiGames
    位置: 类 LimbInjury
  D:\code\random-drops\drops\src\main\java\com\yunxigames\LimbInjury.java:34: 错误: 找不到符号
  	private static final Identifier ARM_ID = Identifier.fromNamespaceAndPath(YunxiGames.MOD_ID, "arm_injury");
  	                                                                         ^
    符号:   变量 YunxiGames
    位置: 类 LimbInjury
  D:\code\random-drops\drops\src\main\java\com\yunxigames\YunxiGamesDrops.java:33: 错误: 找不到符号
  				YunxiGamesCommand.register(dispatcher));
  				^
    符号:   变量 YunxiGamesCommand
    位置: 类 YunxiGamesDrops
  3 个错误

* Try:
> Check your code and dependencies to fix the compilation error(s)
> Run with --scan to get full insights from a Build Scan (powered by Develocity).

BUILD FAILED in 16s
3 actionable tasks: 1 executed, 2 up-to-date
