To honour the JVM settings for this build a single-use Daemon process will be forked. For more on this, please refer to https://docs.gradle.org/9.5.1/userguide/gradle_daemon.html#sec:disabling_the_daemon in the Gradle documentation.
Daemon will be stopped at the end of the build 

> Configure project :bingo
Fabric Loom: 1.17.21

> Configure project :drops
Fabric Loom: 1.17.21

> Configure project :enchants
Fabric Loom: 1.17.21

> Configure project :events
Fabric Loom: 1.17.21

> Configure project :mobs
Fabric Loom: 1.17.21

> Task :mobs:compileJava
> Task :bingo:compileJava

> Task :events:compileJava
注: D:\code\random-drops\events\src\main\java\com\yunxigames\GlobalEvents.java使用或覆盖了已过时的 API。
注: 有关详细信息, 请使用 -Xlint:deprecation 重新编译。

> Task :enchants:compileJava

> Task :drops:compileJava
D:\code\random-drops\drops\src\main\java\com\yunxigames\DropRandomizer.java:897: 错误: 找不到符号
		if (!(item instanceof net.minecraft.world.item.SwordItem
		                                              ^
  符号:   类 SwordItem
  位置: 程序包 net.minecraft.world.item
D:\code\random-drops\drops\src\main\java\com\yunxigames\DropRandomizer.java:898: 错误: 找不到符号
				|| item instanceof net.minecraft.world.item.DiggerItem)) {
				                                           ^
  符号:   类 DiggerItem
  位置: 程序包 net.minecraft.world.item
2 个错误

> Task :drops:compileJava FAILED

[Incubating] Problems report is available at: file:///D:/code/random-drops/build/reports/problems/problems-report.html

FAILURE: Build failed with an exception.

* What went wrong:
Execution failed for task ':drops:compileJava' (registered by plugin class 'org.gradle.api.plugins.JavaBasePlugin').
> Compilation failed; see the compiler output below.
  D:\code\random-drops\drops\src\main\java\com\yunxigames\DropRandomizer.java:897: 错误: 找不到符号
  		if (!(item instanceof net.minecraft.world.item.SwordItem
  		                                              ^
    符号:   类 SwordItem
    位置: 程序包 net.minecraft.world.item
  D:\code\random-drops\drops\src\main\java\com\yunxigames\DropRandomizer.java:898: 错误: 找不到符号
  				|| item instanceof net.minecraft.world.item.DiggerItem)) {
  				                                           ^
    符号:   类 DiggerItem
    位置: 程序包 net.minecraft.world.item
  2 个错误

* Try:
> Check your code and dependencies to fix the compilation error(s)
> Run with --scan to get full insights from a Build Scan (powered by Develocity).

BUILD FAILED in 29s
5 actionable tasks: 5 executed
